ODH_TRAINING_OPERATOR_GIT_URL=https://github.com/opendatahub-io/training-operator
ODH_TRUSTYAI_SERVICE_GIT_COMMIT=6199ea9b05e1dcf837fdeeb84e59bfca6b8c1eb0
OPENDATAHUB_OPERATOR_GIT_COMMIT=f260c24129d62a83ab29ffbf6f86e64add695c72
ODH_DATA_SCIENCE_PIPELINES_ARGO_ARGOEXEC_GIT_URL=https://github.com/opendatahub-io/argo-workflows
ODH_ML_PIPELINES_LAUNCHER_GIT_URL=https://github.com/opendatahub-io/data-science-pipelines
ODH_ML_PIPELINES_PERSISTENCEAGENT_V2_GIT_COMMIT=39cb08b0a0d42fe6d239bd038b06b5f98139f456
ODH_KUBERAY_OPERATOR_CONTROLLER_GIT_URL=https://github.com/opendatahub-io/kuberay
ODH_MLMD_GRPC_SERVER_GIT_URL=https://github.com/opendatahub-io/ml-metadata
ODH_ML_PIPELINES_DRIVER_GIT_COMMIT=39cb08b0a0d42fe6d239bd038b06b5f98139f456
ODH_NOTEBOOK_CONTROLLER_GIT_COMMIT=d414abc83b2db22715017ea3e72f93d8ba13c3d1
ODH_KUBERAY_OPERATOR_CONTROLLER_GIT_COMMIT=c6b7a74b0931270651d6ed8d1bec604be2651521
ODH_MODEL_REGISTRY_OPERATOR_GIT_COMMIT=eab7f5898a53300a3a2f991d9eada5d3af00dfca
ODH_MODEL_REGISTRY_GIT_URL=https://github.com/opendatahub-io/model-registry
ODH_ML_PIPELINES_PERSISTENCEAGENT_V2_GIT_URL=https://github.com/opendatahub-io/data-science-pipelines
ODH_ML_PIPELINES_DRIVER_GIT_URL=https://github.com/opendatahub-io/data-science-pipelines
ODH_DASHBOARD_GIT_COMMIT=8e77c4f52de37f02215a25505a03abfe0febbf93
ODH_MODEL_REGISTRY_GIT_COMMIT=a8caf754497ce236e1f4976283cd2399d7e26d38
ODH_ML_PIPELINES_API_SERVER_V2_GIT_URL=https://github.com/opendatahub-io/data-science-pipelines
ODH_MODEL_REGISTRY_OPERATOR_GIT_URL=https://github.com/opendatahub-io/model-registry-operator
ODH_ML_PIPELINES_API_SERVER_V2_GIT_COMMIT=39cb08b0a0d42fe6d239bd038b06b5f98139f456
ODH_DATA_SCIENCE_PIPELINES_ARGO_ARGOEXEC_GIT_COMMIT=e26fd614c8a9f42ff84c4763a6733403677652a4
ODH_MLMD_GRPC_SERVER_GIT_COMMIT=bb983150d1f0a0526e35b8366e03a850f6350b10
ODH_TRAINING_OPERATOR_GIT_COMMIT=da2a67ce5520e44d1ca361b4366d697a0171b9fd
OPENDATAHUB_OPERATOR_GIT_URL=https://github.com/opendatahub-io/opendatahub-operator
ODH_KF_NOTEBOOK_CONTROLLER_GIT_COMMIT=d414abc83b2db22715017ea3e72f93d8ba13c3d1
ODH_ML_PIPELINES_SCHEDULEDWORKFLOW_V2_GIT_COMMIT=39cb08b0a0d42fe6d239bd038b06b5f98139f456
ODH_ML_PIPELINES_SCHEDULEDWORKFLOW_V2_GIT_URL=https://github.com/opendatahub-io/data-science-pipelines
ODH_NOTEBOOK_CONTROLLER_GIT_URL=https://github.com/opendatahub-io/kubeflow
ODH_DATA_SCIENCE_PIPELINES_ARGO_WORKFLOWCONTROLLER_GIT_URL=https://github.com/opendatahub-io/argo-workflows
ODH_DATA_SCIENCE_PIPELINES_ARGO_WORKFLOWCONTROLLER_GIT_COMMIT=e26fd614c8a9f42ff84c4763a6733403677652a4
ODH_DASHBOARD_GIT_URL=https://github.com/opendatahub-io/odh-dashboard
ODH_KF_NOTEBOOK_CONTROLLER_GIT_URL=https://github.com/opendatahub-io/kubeflow
ODH_MODEL_CONTROLLER_GIT_URL=https://github.com/opendatahub-io/odh-model-controller
ODH_ML_PIPELINES_LAUNCHER_GIT_COMMIT=39cb08b0a0d42fe6d239bd038b06b5f98139f456
ODH_MODEL_CONTROLLER_GIT_COMMIT=c0ad4f386ab2d33c213b7b3b81e293c593b7e03f
ODH_TRUSTYAI_SERVICE_OPERATOR_GIT_COMMIT=ce63b1d59f337579939d56c9a1ed205ae3c701f0
ODH_TRUSTYAI_SERVICE_GIT_URL=https://github.com/opendatahub-io/trustyai-explainability
ODH_TRUSTYAI_SERVICE_OPERATOR_GIT_URL=https://github.com/opendatahub-io/trustyai-service-operator
