ODH_DASHBOARD_GIT_COMMIT=8e77c4f52de37f02215a25505a03abfe0febbf93
ODH_DASHBOARD_GIT_URL=https://github.com/opendatahub-io/odh-dashboard
ODH_DATA_SCIENCE_PIPELINES_ARGO_ARGOEXEC_GIT_COMMIT=47b594a506937c9977f544f9430a5c3ae138c861
ODH_DATA_SCIENCE_PIPELINES_ARGO_ARGOEXEC_GIT_URL=https://github.com/opendatahub-io/argo-workflows
ODH_DATA_SCIENCE_PIPELINES_ARGO_WORKFLOWCONTROLLER_GIT_COMMIT=47b594a506937c9977f544f9430a5c3ae138c861
ODH_DATA_SCIENCE_PIPELINES_ARGO_WORKFLOWCONTROLLER_GIT_URL=https://github.com/opendatahub-io/argo-workflows
ODH_DATA_SCIENCE_PIPELINES_OPERATOR_CONTROLLER_GIT_COMMIT=a27bc4b5a1392b125ea7497d6288e62e0c4907f3
ODH_DATA_SCIENCE_PIPELINES_OPERATOR_CONTROLLER_GIT_URL=https://github.com/opendatahub-io/data-science-pipelines-operator
ODH_KF_NOTEBOOK_CONTROLLER_GIT_COMMIT=59a52974dbadd09df9c274e858d5766d42f53d55
ODH_KF_NOTEBOOK_CONTROLLER_GIT_URL=https://github.com/opendatahub-io/kubeflow
ODH_KUBERAY_OPERATOR_CONTROLLER_GIT_COMMIT=f991c184e326bdfdce4c072604d08ccd1d69a37e
ODH_KUBERAY_OPERATOR_CONTROLLER_GIT_URL=https://github.com/opendatahub-io/kuberay
ODH_ML_PIPELINES_API_SERVER_V2_GIT_COMMIT=d5e0ae8ac806902faab07a8564054020a4c689d2
ODH_ML_PIPELINES_API_SERVER_V2_GIT_URL=https://github.com/opendatahub-io/data-science-pipelines
ODH_ML_PIPELINES_DRIVER_GIT_COMMIT=d5e0ae8ac806902faab07a8564054020a4c689d2
ODH_ML_PIPELINES_DRIVER_GIT_URL=https://github.com/opendatahub-io/data-science-pipelines
ODH_ML_PIPELINES_LAUNCHER_GIT_COMMIT=d5e0ae8ac806902faab07a8564054020a4c689d2
ODH_ML_PIPELINES_LAUNCHER_GIT_URL=https://github.com/opendatahub-io/data-science-pipelines
ODH_ML_PIPELINES_PERSISTENCEAGENT_V2_GIT_COMMIT=d5e0ae8ac806902faab07a8564054020a4c689d2
ODH_ML_PIPELINES_PERSISTENCEAGENT_V2_GIT_URL=https://github.com/opendatahub-io/data-science-pipelines
ODH_ML_PIPELINES_SCHEDULEDWORKFLOW_V2_GIT_COMMIT=d5e0ae8ac806902faab07a8564054020a4c689d2
ODH_ML_PIPELINES_SCHEDULEDWORKFLOW_V2_GIT_URL=https://github.com/opendatahub-io/data-science-pipelines
ODH_MLMD_GRPC_SERVER_GIT_COMMIT=bb983150d1f0a0526e35b8366e03a850f6350b10
ODH_MLMD_GRPC_SERVER_GIT_URL=https://github.com/opendatahub-io/ml-metadata
ODH_MODEL_CONTROLLER_GIT_COMMIT=c0ad4f386ab2d33c213b7b3b81e293c593b7e03f
ODH_MODEL_CONTROLLER_GIT_URL=https://github.com/opendatahub-io/odh-model-controller
ODH_MODEL_REGISTRY_OPERATOR_GIT_COMMIT=cffe9a5805e1a937b1044a47abf5709b52f2db43
ODH_MODEL_REGISTRY_OPERATOR_GIT_URL=https://github.com/opendatahub-io/model-registry-operator
ODH_MODEL_REGISTRY_GIT_COMMIT=a8caf754497ce236e1f4976283cd2399d7e26d38
ODH_MODEL_REGISTRY_GIT_URL=https://github.com/opendatahub-io/model-registry
ODH_NOTEBOOK_CONTROLLER_GIT_COMMIT=59a52974dbadd09df9c274e858d5766d42f53d55
ODH_NOTEBOOK_CONTROLLER_GIT_URL=https://github.com/opendatahub-io/kubeflow
ODH_TRAINING_OPERATOR_GIT_COMMIT=da2a67ce5520e44d1ca361b4366d697a0171b9fd
ODH_TRAINING_OPERATOR_GIT_URL=https://github.com/opendatahub-io/training-operator
ODH_TRUSTYAI_SERVICE_OPERATOR_GIT_COMMIT=ce63b1d59f337579939d56c9a1ed205ae3c701f0
ODH_TRUSTYAI_SERVICE_OPERATOR_GIT_URL=https://github.com/opendatahub-io/trustyai-service-operator
ODH_TRUSTYAI_SERVICE_GIT_COMMIT=6199ea9b05e1dcf837fdeeb84e59bfca6b8c1eb0
ODH_TRUSTYAI_SERVICE_GIT_URL=https://github.com/opendatahub-io/trustyai-explainability
