OPENDATAHUB_OPERATOR_GIT_URL=https://github.com/opendatahub-io/opendatahub-operator
OPENDATAHUB_OPERATOR_GIT_COMMIT=92860726d5fd902cf0c9ce787d6997eb513c0226
ODH_KF_NOTEBOOK_CONTROLLER_GIT_URL=https://github.com/opendatahub-io/kubeflow
ODH_KF_NOTEBOOK_CONTROLLER_GIT_COMMIT=59a52974dbadd09df9c274e858d5766d42f53d55
ODH_NOTEBOOK_CONTROLLER_GIT_URL=https://github.com/opendatahub-io/kubeflow
ODH_NOTEBOOK_CONTROLLER_GIT_COMMIT=59a52974dbadd09df9c274e858d5766d42f53d55
ODH_DATA_SCIENCE_PIPELINES_OPERATOR_CONTROLLER_GIT_URL=https://github.com/opendatahub-io/data-science-pipelines-operator
ODH_DATA_SCIENCE_PIPELINES_OPERATOR_CONTROLLER_GIT_COMMIT=a27bc4b5a1392b125ea7497d6288e62e0c4907f3
ODH_KUBERAY_OPERATOR_CONTROLLER_GIT_URL=https://github.com/opendatahub-io/kuberay
ODH_KUBERAY_OPERATOR_CONTROLLER_GIT_COMMIT=f991c184e326bdfdce4c072604d08ccd1d69a37e
ODH_TRUSTYAI_SERVICE_OPERATOR_GIT_URL=https://github.com/opendatahub-io/trustyai-service-operator
ODH_TRUSTYAI_SERVICE_OPERATOR_GIT_COMMIT=ce63b1d59f337579939d56c9a1ed205ae3c701f0
ODH_MODEL_CONTROLLER_GIT_URL=https://github.com/opendatahub-io/odh-model-controller
ODH_MODEL_CONTROLLER_GIT_COMMIT=c0ad4f386ab2d33c213b7b3b81e293c593b7e03f
ODH_MODEL_REGISTRY_OPERATOR_GIT_URL=https://github.com/opendatahub-io/model-registry-operator
ODH_MODEL_REGISTRY_OPERATOR_GIT_COMMIT=cffe9a5805e1a937b1044a47abf5709b52f2db43
ODH_DASHBOARD_GIT_URL=https://github.com/opendatahub-io/odh-dashboard
ODH_DASHBOARD_GIT_COMMIT=8e77c4f52de37f02215a25505a03abfe0febbf93
ODH_TRAINING_OPERATOR_GIT_URL=https://github.com/opendatahub-io/training-operator
ODH_TRAINING_OPERATOR_GIT_COMMIT=da2a67ce5520e44d1ca361b4366d697a0171b9fd
ODH_FEAST_OPERATOR_GIT_URL=https://github.com/opendatahub-io/feast
ODH_FEAST_OPERATOR_GIT_COMMIT=124117138b5685c0d9aff8fc0855ce522dd10b60
ODH_LLAMA_STACK_K8S_OPERATOR_GIT_URL=https://github.com/opendatahub-io/llama-stack-k8s-operator
ODH_LLAMA_STACK_K8S_OPERATOR_GIT_COMMIT=5ad598b5d7da67e72ad29ce4717eb360c386a60c
ODH_TRAINER_GIT_URL=https://github.com/opendatahub-io/trainer
ODH_TRAINER_GIT_COMMIT=30bdcb8b0900e17e71793a0ef67bb950498dd462
ODH_TRUSTYAI_SERVICE_GIT_URL=
ODH_TRUSTYAI_SERVICE_GIT_COMMIT=6199ea9b05e1dcf837fdeeb84e59bfca6b8c1eb0
ODH_MLMD_GRPC_SERVER_GIT_URL=
ODH_MLMD_GRPC_SERVER_GIT_COMMIT=bb983150d1f0a0526e35b8366e03a850f6350b10
ODH_ML_PIPELINES_API_SERVER_V2_GIT_URL=
ODH_ML_PIPELINES_API_SERVER_V2_GIT_COMMIT=d5e0ae8ac806902faab07a8564054020a4c689d2
ODH_ML_PIPELINES_PERSISTENCEAGENT_V2_GIT_URL=
ODH_ML_PIPELINES_PERSISTENCEAGENT_V2_GIT_COMMIT=d5e0ae8ac806902faab07a8564054020a4c689d2
ODH_ML_PIPELINES_SCHEDULEDWORKFLOW_V2_GIT_URL=
ODH_ML_PIPELINES_SCHEDULEDWORKFLOW_V2_GIT_COMMIT=d5e0ae8ac806902faab07a8564054020a4c689d2
ODH_ML_PIPELINES_DRIVER_GIT_URL=
ODH_ML_PIPELINES_DRIVER_GIT_COMMIT=d5e0ae8ac806902faab07a8564054020a4c689d2
ODH_ML_PIPELINES_LAUNCHER_GIT_URL=
ODH_ML_PIPELINES_LAUNCHER_GIT_COMMIT=d5e0ae8ac806902faab07a8564054020a4c689d2
ODH_DATA_SCIENCE_PIPELINES_ARGO_ARGOEXEC_GIT_URL=
ODH_DATA_SCIENCE_PIPELINES_ARGO_ARGOEXEC_GIT_COMMIT=47b594a506937c9977f544f9430a5c3ae138c861
ODH_DATA_SCIENCE_PIPELINES_ARGO_WORKFLOWCONTROLLER_GIT_URL=
ODH_DATA_SCIENCE_PIPELINES_ARGO_WORKFLOWCONTROLLER_GIT_COMMIT=47b594a506937c9977f544f9430a5c3ae138c861
ODH_MODEL_REGISTRY_GIT_URL=
ODH_MODEL_REGISTRY_GIT_COMMIT=a8caf754497ce236e1f4976283cd2399d7e26d38
ODH_FEATURE_SERVER_GIT_URL=
ODH_FEATURE_SERVER_GIT_COMMIT=124117138b5685c0d9aff8fc0855ce522dd10b60
ODH_LLM_D_INFERENCE_SCHEDULER_GIT_URL=
ODH_LLM_D_INFERENCE_SCHEDULER_GIT_COMMIT=134b26ba05276c1d56e72617f46aad37b21936e9
ODH_LLM_D_ROUTING_SIDECAR_GIT_URL=
ODH_LLM_D_ROUTING_SIDECAR_GIT_COMMIT=ab94456dc48ead90f997a8566e0570b5b4482730
ODH_KSERVE_AGENT_GIT_URL=
ODH_KSERVE_AGENT_GIT_COMMIT=6e7919c9933c42847731ba52b9f3387e097b504d
ODH_KSERVE_ROUTER_GIT_URL=
ODH_KSERVE_ROUTER_GIT_COMMIT=6e7919c9933c42847731ba52b9f3387e097b504d
ODH_KSERVE_STORAGE_INITIALIZER_GIT_URL=
ODH_KSERVE_STORAGE_INITIALIZER_GIT_COMMIT=6e7919c9933c42847731ba52b9f3387e097b504d
ODH_TA_LMES_DRIVER_GIT_URL=
ODH_TA_LMES_DRIVER_GIT_COMMIT=b07b6766890d675d8242b601cb5417b7cc3a6aac
ODH_TA_LMES_JOB_GIT_URL=
ODH_TA_LMES_JOB_GIT_COMMIT=d6c447a9f21fb7234f281397587690ebef46e664
ODH_FMS_GUARDRAILS_ORCHESTRATOR_GIT_URL=
ODH_FMS_GUARDRAILS_ORCHESTRATOR_GIT_COMMIT=4dfbbbc6a02b7456f254a59890ffe59c22aa2b55
ODH_TRUSTYAI_VLLM_ORCHESTRATOR_GATEWAY_GIT_URL=
ODH_TRUSTYAI_VLLM_ORCHESTRATOR_GATEWAY_GIT_COMMIT=6494163b9a0b417bfa7964002bd2e0572147d5f5
ODH_BUILT_IN_DETECTOR_GIT_URL=
ODH_BUILT_IN_DETECTOR_GIT_COMMIT=28dcc522f9ed3e1c8c45f4902f8eafee2ecf7b0b
ODH_PIPELINE_RUNTIME_DATASCIENCE_CPU_PY312_GIT_URL=
ODH_PIPELINE_RUNTIME_DATASCIENCE_CPU_PY312_GIT_COMMIT=724e04c7521ae1364fbafe91b81eaf803277d77f
ODH_PIPELINE_RUNTIME_MINIMAL_CPU_PY312_GIT_URL=
ODH_PIPELINE_RUNTIME_MINIMAL_CPU_PY312_GIT_COMMIT=724e04c7521ae1364fbafe91b81eaf803277d77f
ODH_PIPELINE_RUNTIME_PYTORCH_CUDA_PY312_GIT_URL=
ODH_PIPELINE_RUNTIME_PYTORCH_CUDA_PY312_GIT_COMMIT=724e04c7521ae1364fbafe91b81eaf803277d77f
ODH_PIPELINE_RUNTIME_PYTORCH_ROCM_PY312_GIT_URL=
ODH_PIPELINE_RUNTIME_PYTORCH_ROCM_PY312_GIT_COMMIT=724e04c7521ae1364fbafe91b81eaf803277d77f
ODH_PIPELINE_RUNTIME_TENSORFLOW_CUDA_PY312_GIT_URL=
ODH_PIPELINE_RUNTIME_TENSORFLOW_CUDA_PY312_GIT_COMMIT=724e04c7521ae1364fbafe91b81eaf803277d77f
ODH_PIPELINE_RUNTIME_TENSORFLOW_ROCM_PY312_GIT_URL=
ODH_PIPELINE_RUNTIME_TENSORFLOW_ROCM_PY312_GIT_COMMIT=724e04c7521ae1364fbafe91b81eaf803277d77f
ODH_WORKBENCH_CODESERVER_DATASCIENCE_CPU_PY312_GIT_URL=
ODH_WORKBENCH_CODESERVER_DATASCIENCE_CPU_PY312_GIT_COMMIT=724e04c7521ae1364fbafe91b81eaf803277d77f
ODH_WORKBENCH_JUPYTER_DATASCIENCE_CPU_PY312_GIT_URL=
ODH_WORKBENCH_JUPYTER_DATASCIENCE_CPU_PY312_GIT_COMMIT=724e04c7521ae1364fbafe91b81eaf803277d77f
ODH_WORKBENCH_JUPYTER_MINIMAL_CPU_PY312_GIT_URL=
ODH_WORKBENCH_JUPYTER_MINIMAL_CPU_PY312_GIT_COMMIT=724e04c7521ae1364fbafe91b81eaf803277d77f
ODH_WORKBENCH_JUPYTER_MINIMAL_CUDA_PY312_GIT_URL=
ODH_WORKBENCH_JUPYTER_MINIMAL_CUDA_PY312_GIT_COMMIT=724e04c7521ae1364fbafe91b81eaf803277d77f
ODH_WORKBENCH_JUPYTER_MINIMAL_ROCM_PY312_GIT_URL=
ODH_WORKBENCH_JUPYTER_MINIMAL_ROCM_PY312_GIT_COMMIT=6e3e9fb8bfe87057ffcc9c332d9175a3ee0c3987
ODH_WORKBENCH_JUPYTER_PYTORCH_CUDA_PY312_GIT_URL=
ODH_WORKBENCH_JUPYTER_PYTORCH_CUDA_PY312_GIT_COMMIT=724e04c7521ae1364fbafe91b81eaf803277d77f
ODH_WORKBENCH_JUPYTER_PYTORCH_ROCM_PY312_GIT_URL=
ODH_WORKBENCH_JUPYTER_PYTORCH_ROCM_PY312_GIT_COMMIT=724e04c7521ae1364fbafe91b81eaf803277d77f
ODH_WORKBENCH_JUPYTER_TENSORFLOW_CUDA_PY312_GIT_URL=
ODH_WORKBENCH_JUPYTER_TENSORFLOW_CUDA_PY312_GIT_COMMIT=724e04c7521ae1364fbafe91b81eaf803277d77f
ODH_WORKBENCH_JUPYTER_TENSORFLOW_ROCM_PY312_GIT_URL=
ODH_WORKBENCH_JUPYTER_TENSORFLOW_ROCM_PY312_GIT_COMMIT=724e04c7521ae1364fbafe91b81eaf803277d77f
ODH_WORKBENCH_JUPYTER_TRUSTYAI_CPU_PY312_GIT_URL=
ODH_WORKBENCH_JUPYTER_TRUSTYAI_CPU_PY312_GIT_COMMIT=724e04c7521ae1364fbafe91b81eaf803277d77f
ODH_GUARDRAILS_DETECTOR_HUGGINGFACE_RUNTIME_GIT_URL=
ODH_GUARDRAILS_DETECTOR_HUGGINGFACE_RUNTIME_GIT_COMMIT=28dcc522f9ed3e1c8c45f4902f8eafee2ecf7b0b
ODH_MODEL_REGISTRY_JOB_ASYNC_UPLOAD_GIT_URL=
ODH_MODEL_REGISTRY_JOB_ASYNC_UPLOAD_GIT_COMMIT=a8caf754497ce236e1f4976283cd2399d7e26d38
ODH_LLAMA_STACK_CORE_GIT_URL=
ODH_LLAMA_STACK_CORE_GIT_COMMIT=2cbd781ea0404730022d57b3345c4c8d4d0a61af
ODH_WORKBENCH_JUPYTER_PYTORCH_LLMCOMPRESSOR_CUDA_PY312_GIT_URL=
ODH_WORKBENCH_JUPYTER_PYTORCH_LLMCOMPRESSOR_CUDA_PY312_GIT_COMMIT=724e04c7521ae1364fbafe91b81eaf803277d77f
ODH_PIPELINE_RUNTIME_PYTORCH_LLMCOMPRESSOR_CUDA_PY312_GIT_URL=
ODH_PIPELINE_RUNTIME_PYTORCH_LLMCOMPRESSOR_CUDA_PY312_GIT_COMMIT=724e04c7521ae1364fbafe91b81eaf803277d77f
ODH_MODEL_METADATA_COLLECTION_GIT_URL=
ODH_MODEL_METADATA_COLLECTION_GIT_COMMIT=2e4c260258c4e23fdc7f9e83e4bc740f5ae8b7be
ODH_MOD_ARCH_GEN_AI_GIT_URL=
ODH_MOD_ARCH_GEN_AI_GIT_COMMIT=8e77c4f52de37f02215a25505a03abfe0febbf93
ODH_KUBE_AUTH_PROXY_GIT_URL=
ODH_KUBE_AUTH_PROXY_GIT_COMMIT=558ba9d2294cb73415bc16baa81254843bc2f091
ODH_MAAS_API_GIT_URL=
ODH_MAAS_API_GIT_COMMIT=53ecf9eaa0d24f084ee8b3f91798799a4edab6c0
ODH_TRUSTYAI_RAGAS_LLS_PROVIDER_DSP_GIT_URL=
ODH_TRUSTYAI_RAGAS_LLS_PROVIDER_DSP_GIT_COMMIT=fb6fe77e92e85ce96bf19e0becc53eb0bfc22ea4
ODH_TRAINING_CUDA121_TORCH24_PY311_GIT_URL=
ODH_TRAINING_CUDA121_TORCH24_PY311_GIT_COMMIT=7e1c2d0117261292d036f014dd09a0e3074ed1fd
ODH_TRAINING_CUDA124_TORCH25_PY311_GIT_URL=
ODH_TRAINING_CUDA124_TORCH25_PY311_GIT_COMMIT=070ba881a7d5927d5bd6f4cd9650088138a90400
ODH_TRAINING_CUDA128_TORCH28_PY312_GIT_URL=
ODH_TRAINING_CUDA128_TORCH28_PY312_GIT_COMMIT=ea718d1d42cb489eebbba9d7d67da76345cac37d
ODH_TRAINING_ROCM62_TORCH24_PY311_GIT_URL=
ODH_TRAINING_ROCM62_TORCH24_PY311_GIT_COMMIT=8d62c5933f22005614c9e565ad18df890fa24d12
ODH_TRAINING_ROCM62_TORCH25_PY311_GIT_URL=
ODH_TRAINING_ROCM62_TORCH25_PY311_GIT_COMMIT=1c6062e5482eb55673524975756cf209d48bbfcb
ODH_TRAINING_ROCM64_TORCH28_PY312_GIT_URL=
ODH_TRAINING_ROCM64_TORCH28_PY312_GIT_COMMIT=61e655ba9363820d5fab9b568ef7921f55d003a9
ODH_MOD_ARCH_MODEL_REGISTRY_GIT_URL=
ODH_MOD_ARCH_MODEL_REGISTRY_GIT_COMMIT=8e77c4f52de37f02215a25505a03abfe0febbf93
